; Исследовать процесс выполнения команд вызова и возврата из подпрограммы,а также команд работы со стеком.
; 1. Загрузить программу 1 в память эмулятора Manef,начиная с адреса 0800h.
; 2. Выполнить программу 1 в пошаговом режиме. После каждой команды проверять содержимое всех регистров МП.
; 3. Заменить в программе 1 команду POP PSW на команду NOP и проследить,как будет выполняться программа
; Объяснить произошедшие изменения.
; В отчете привести содержание стека в момент возврата из подпрограммы до и после замены. 

0800: __            |              $ADR   0800H        ; Адрес начала программы

; Исходная подпрограмма
0800: 31 B0 0B      |              LXI    SP, 0BB0H    ; Записать в указатель стека SP адрес 0BB0
0803: CD 07 08      |              CALL   STDY         ; Вызвать подпрограмму STDY
0806: CF            |              RST1                ; Остановить выполнение подпрограммы
0807: F5            | STDY:        PUSH   PSW          ; Записать слово состояния МП БИС в стек
0808: C5            |              PUSH   B            ; Записать содержимое регистра B,C в стек
0809: D5            |              PUSH   D            ; Записать содержимое регистров D,E в стек
080A: E5            |              PUSH   H            ; Записать содержимое регистров H,L в стек
080B: 3E 05         |              MVI    A, 05        ; Записать в регистр A число 05
080D: 47            |              MOV    B, A         ; Записать число из регистра A в регистр B
080E: 87            |              ADD    A            ; Удвоить содержимое аккумулятора
080F: 5F            |              MOV    E, A         ; Записать содержимое регистра A в регистр E
0810: 67            |              MOV    H, A         ; Записать содержимое регистра A в регистр H
0811: E1            |              POP    H            ; Записать числа из стека в регистры H,L
0812: D1            |              POP    D            ; Записать числа из стека в регистры D,E
0813: C1            |              POP    B            ; Записать числа из стека в регистры B,C
0814: F1            |              POP    PSW          ; Записать слово состояния из стека в МП БИС
0815: C9            |              RET                 ; Возврат подпрограммы

; Отредактированная подпрограмма
0816: 31 B0 0B      |              LXI    SP, 0BB0H    ; Записать в указатель стека SP адрес 0BB0 
0819: CD 1D 08      |              CALL   EDIT         ; Вызвать подпрограмму EDIT
081C: CF            |              RST1                ; Остановить выполнение подпрограммы
081D: F5            | EDIT:        PUSH   PSW          ; Записать слово состояния МП БИС в стек
081E: C5            |              PUSH   B            ; Записать содержимое регистра B,C в стек
081F: D5            |              PUSH   D            ; Записать содержимое регистров D,E в стек
0820: E5            |              PUSH   H            ; Записать содержимое регистров H,L в стек
0821: 3E 05         |              MVI    A, 05        ; Записать в регистр A число 05
0823: 47            |              MOV    B, A         ; Записать число из регистра A в регистр B
0824: 87            |              ADD    A            ; Удвоить содержимое аккумулятора
0825: 5F            |              MOV    E, A         ; Записать содержимое регистра A в регистр E
0826: 67            |              MOV    H, A         ; Записать содержимое регистра A в регистр H
0827: E1            |              POP    H            ; Записать числа из стека в регистры H,L
0828: D1            |              POP    D            ; Записать числа из стека в регистры D,E
0829: C1            |              POP    B            ; Записать числа из стека в регистры B,C
082A: 00            |              NOP                 ; Замененная команда!
082B: C9            |              RET                 ; Возврат подпрограммы
082C: 00            | END:         NOP                 ; Метка завершения программы
   -------------------------------------------------
             Обнаруженные идентификаторы
      STDY <0807>             EDIT <081D>
      END <082C>
