; Задание 2. Сравнение чисел,записанных по адресам 0В00h и 0В01h,и запись большего из них в регистр B.

0000: __            |              $ADR   0000H        ; ;Адрес начала программы

; Инициализация ячеек памяти значениями из порта 20 и 25
0000: DB 20         |              IN     20H          ; Чтение данных из порта 20h в аккумулятор
0002: 32 00 0B      |              STA    0B00H        ; Передача содержимого аккумулятора в ячейку памяти с адресом 0B00h
0005: DB 25         |              IN     25H          ; Чтение данных из порта 20h в аккумулятор 
0007: 32 01 0B      |              STA    0B01H        ; Передача содержимого аккумулятора в ячейку памяти с адресом 0B01h

; Сравнение
000A: 3A 00 0B      |              LDA    0B00H        ; Передача содержимого ячейки памяти с адресом 0B00h в аккумулятор
000D: 4F            |              MOV    C, A         ; Передача содержимого аккумулятора в регистр C
000E: 3A 01 0B      |              LDA    0B01H        ; Передача содержимого ячейки памяти с адресом 0B01h в аккумулятор
0011: 91            |              SUB    C            ; ;Вычитание содержимого регистра C из содержимого аккумулятора и сохранение итога в аккумуляторе
0012: FA 1C 00      |              JM     ONE          ; ;Если результат меньше нуля,перейти к метке 'ONE'

; Занесение второго операнда в регистр B
0015: 3A 01 0B      |              LDA    0B01H        ; Передача содержимого ячейки памяти с адресом 0B01h в аккумулятор
0018: 47            |              MOV    B, A         ; Передача содержимого аккумулятора в регистр B
0019: C3 1E 00      |              JMP    RES          ; Переход к метке 'RES'

001C: 41            | ONE:         MOV    B, C         ; Иначе,занесение первого операнда в регистр B

001D: 79            | ACC:         MOV    A, C         ; Передача содержимого регистра B в аккумулятор
001E: D3 30         | RES:         OUT    30H          ; Вывод результата 
0020: 00            | END:         NOP                 ; Метка завершения программы
   -------------------------------------------------
            Обнаруженные идентификаторы

      ONE <001C>              ACC <001D>
      RES <001E>              END <0020>
