; Задание 3. Увеличения на 1 и записи в выходной порт 30h большего из чисел:в записанного
; во входном порту 20h и числом из порта 25h;при равенстве чисел записывать
; в выходной порт число 0FFh.

0000: __            |              $ADR   0000H        ; Адрес начала программы

; Инициализация ячеек памяти значениями из порта 20 и 25
0000: DB 20         |              IN     20H          ; Чтение данных из порта 20h в аккумулятор
0002: 47            |              MOV    B, A         ; Передача содержимого аккумулятора в регистр B
0003: DB 25         |              IN     25H          ; Чтение данных из порта 25h в аккумулятор 
0005: 4F            |              MOV    C, A         ; Передача содержимого аккумулятора в регистр C
0006: 90            |              SUB    B            ; ;Вычитание содержимого регистра B из содержимого аккумулятора и сохранение итога в аккумуляторе
0007: FA 12 00      |              JM     ONE          ; ;Если результат меньше нуля,перейти к метке 'ONE'
000A: CA 17 00      |              JZ     TWO          ; ;Если результат равен нулю,перейти к метке 'TWO'

; Занесение второго операнда,увеличенного на 1,в выходной порт 30h
000D: 0C            |              INR    C            ; Инкремент второго операнда
000E: 79            |              MOV    A, C         ; Передача содержимого регистра C в аккумулятор
000F: C3 19 00      |              JMP    RES          ; Переход к метке 'RES'

; Занесение первого операнда,увеличенного на 1,в выходной порт 30h
0012: 04            | ONE:         INR    B            ; Инкремент первого операнда
0013: 78            |              MOV    A, B         ; Передача содержимого регистра B в аккумулятор
0014: C3 19 00      |              JMP    RES          ; Переход к метке 'RES'


; Занесение значения 0FFh в выходной порт 30h 
0017: 3E FF         | TWO:         MVI    A, 0FFH      ; Занесение значения 0FFh в аккумулятор

0019: D3 30         | RES:         OUT    30H          ; Вывод содержимого аккумулятора в порт 30h
001B: 00            | END:         NOP                 ; Метка завершения программы
   -------------------------------------------------
             Обнаруженные идентификаторы

      ONE <0012>              TWO <0017>
      RES <0019>              END <001B>
